{
"issues":  [
{
"id":  "S2357",
"message":  "Make 'FolderPath' private.",
"location":  {
"uri":  "Ember-MM\Addons\generic.EmberCore.MediaFileManager\Module.MediaFileManagerModule.vb",
"region":  {
"startLine":  394,
"startColumn":  16,
"endLine":  394,
"endColumn":  26
}
}
},
{
"id":  "S2357",
"message":  "Make 'Name' private.",
"location":  {
"uri":  "Ember-MM\Addons\generic.EmberCore.MediaFileManager\Module.MediaFileManagerModule.vb",
"region":  {
"startLine":  395,
"startColumn":  16,
"endLine":  395,
"endColumn":  20
}
}
}
]
}
