{
"issues":  [
{
"id":  "S2357",
"message":  "Make 'MimeTypes' private.",
"location":  {
"uri":  "Ember-MM\Addons\generic.EmberCore.WebServer\Module.WebServer.vb",
"region":  {
"startLine":  40,
"startColumn":  17,
"endLine":  40,
"endColumn":  26
}
}
}
]
}
